// Jest Snapshot v1, https://goo.gl/fbAQLP

exports[`PinnedTabs renders empty 1`] = `
ShallowWrapper {
  "length": 1,
  Symbol(enzyme.__root__): [Circular],
  Symbol(enzyme.__unrendered__): <Unknown />,
  Symbol(enzyme.__renderer__): Object {
    "batchedUpdates": [Function],
    "getNode": [Function],
    "render": [Function],
    "simulateEvent": [Function],
    "unmount": [Function],
  },
  Symbol(enzyme.__node__): null,
  Symbol(enzyme.__nodes__): Array [
    null,
  ],
  Symbol(enzyme.__options__): Object {
    "adapter": ReactSixteenAdapter {
      "options": Object {
        "enableComponentDidUpdateOnSetState": true,
      },
    },
  },
}
`;

exports[`PinnedTabs renders with tabs 1`] = `
ShallowWrapper {
  "length": 1,
  Symbol(enzyme.__root__): [Circular],
  Symbol(enzyme.__unrendered__): <Unknown
    tabs={
      Array [
        Object {
          "favIconUrl": "/path/to/image",
          "id": 1,
          "title": "tab-1",
          "url": "url",
        },
        Object {
          "favIconUrl": "/path/to/image",
          "id": 2,
          "title": "tab",
          "url": "url",
        },
        Object {
          "id": 3,
          "title": "tab",
          "url": "url",
        },
      ]
    }
  />,
  Symbol(enzyme.__renderer__): Object {
    "batchedUpdates": [Function],
    "getNode": [Function],
    "render": [Function],
    "simulateEvent": [Function],
    "unmount": [Function],
  },
  Symbol(enzyme.__node__): Object {
    "instance": null,
    "key": undefined,
    "nodeType": "host",
    "props": Object {
      "children": Array [
        <a
          className="pinned-tab"
          href="tab-1"
          onClick={[Function]}
        >
          <img
            src="/path/to/image"
          />
        </a>,
        <a
          className="pinned-tab"
          href="tab"
          onClick={[Function]}
        >
          <img
            src="/path/to/image"
          />
        </a>,
        <a
          className="pinned-tab"
          href="tab"
          onClick={[Function]}
        >
          <img
            src={undefined}
          />
        </a>,
      ],
      "className": "pinned",
    },
    "ref": null,
    "rendered": Array [
      Object {
        "instance": null,
        "key": "1",
        "nodeType": "host",
        "props": Object {
          "children": <img
            src="/path/to/image"
          />,
          "className": "pinned-tab",
          "href": "tab-1",
          "onClick": [Function],
        },
        "ref": null,
        "rendered": Object {
          "instance": null,
          "key": undefined,
          "nodeType": "host",
          "props": Object {
            "src": "/path/to/image",
          },
          "ref": null,
          "rendered": null,
          "type": "img",
        },
        "type": "a",
      },
      Object {
        "instance": null,
        "key": "2",
        "nodeType": "host",
        "props": Object {
          "children": <img
            src="/path/to/image"
          />,
          "className": "pinned-tab",
          "href": "tab",
          "onClick": [Function],
        },
        "ref": null,
        "rendered": Object {
          "instance": null,
          "key": undefined,
          "nodeType": "host",
          "props": Object {
            "src": "/path/to/image",
          },
          "ref": null,
          "rendered": null,
          "type": "img",
        },
        "type": "a",
      },
      Object {
        "instance": null,
        "key": "3",
        "nodeType": "host",
        "props": Object {
          "children": <img
            src={undefined}
          />,
          "className": "pinned-tab",
          "href": "tab",
          "onClick": [Function],
        },
        "ref": null,
        "rendered": Object {
          "instance": null,
          "key": undefined,
          "nodeType": "host",
          "props": Object {
            "src": undefined,
          },
          "ref": null,
          "rendered": null,
          "type": "img",
        },
        "type": "a",
      },
    ],
    "type": "aside",
  },
  Symbol(enzyme.__nodes__): Array [
    Object {
      "instance": null,
      "key": undefined,
      "nodeType": "host",
      "props": Object {
        "children": Array [
          <a
            className="pinned-tab"
            href="tab-1"
            onClick={[Function]}
          >
            <img
              src="/path/to/image"
            />
          </a>,
          <a
            className="pinned-tab"
            href="tab"
            onClick={[Function]}
          >
            <img
              src="/path/to/image"
            />
          </a>,
          <a
            className="pinned-tab"
            href="tab"
            onClick={[Function]}
          >
            <img
              src={undefined}
            />
          </a>,
        ],
        "className": "pinned",
      },
      "ref": null,
      "rendered": Array [
        Object {
          "instance": null,
          "key": "1",
          "nodeType": "host",
          "props": Object {
            "children": <img
              src="/path/to/image"
            />,
            "className": "pinned-tab",
            "href": "tab-1",
            "onClick": [Function],
          },
          "ref": null,
          "rendered": Object {
            "instance": null,
            "key": undefined,
            "nodeType": "host",
            "props": Object {
              "src": "/path/to/image",
            },
            "ref": null,
            "rendered": null,
            "type": "img",
          },
          "type": "a",
        },
        Object {
          "instance": null,
          "key": "2",
          "nodeType": "host",
          "props": Object {
            "children": <img
              src="/path/to/image"
            />,
            "className": "pinned-tab",
            "href": "tab",
            "onClick": [Function],
          },
          "ref": null,
          "rendered": Object {
            "instance": null,
            "key": undefined,
            "nodeType": "host",
            "props": Object {
              "src": "/path/to/image",
            },
            "ref": null,
            "rendered": null,
            "type": "img",
          },
          "type": "a",
        },
        Object {
          "instance": null,
          "key": "3",
          "nodeType": "host",
          "props": Object {
            "children": <img
              src={undefined}
            />,
            "className": "pinned-tab",
            "href": "tab",
            "onClick": [Function],
          },
          "ref": null,
          "rendered": Object {
            "instance": null,
            "key": undefined,
            "nodeType": "host",
            "props": Object {
              "src": undefined,
            },
            "ref": null,
            "rendered": null,
            "type": "img",
          },
          "type": "a",
        },
      ],
      "type": "aside",
    },
  ],
  Symbol(enzyme.__options__): Object {
    "adapter": ReactSixteenAdapter {
      "options": Object {
        "enableComponentDidUpdateOnSetState": true,
      },
    },
  },
}
`;
