// Jest Snapshot v1, https://goo.gl/fbAQLP

exports[`Tab renders 1`] = `
ShallowWrapper {
  "length": 1,
  Symbol(enzyme.__root__): [Circular],
  Symbol(enzyme.__unrendered__): <Unknown
    tab={
      Object {
        "favIconUrl": "path/to/img",
        "id": 1,
        "title": "Title",
        "url": "url",
      }
    }
  />,
  Symbol(enzyme.__renderer__): Object {
    "batchedUpdates": [Function],
    "getNode": [Function],
    "render": [Function],
    "simulateEvent": [Function],
    "unmount": [Function],
  },
  Symbol(enzyme.__node__): Object {
    "instance": null,
    "key": undefined,
    "nodeType": "host",
    "props": Object {
      "children": Array [
        <div
          className="tab-thumbnail"
        />,
        <img
          className="tab-favicon"
          src="path/to/img"
        />,
        <button
          className="tab-close clean"
          onClick={[Function]}
          title="Close tab"
        />,
        <span
          className="tab-title"
        >
          Title
        </span>,
      ],
      "className": "tab",
      "href": "url",
      "onClick": [Function],
      "title": "Title",
    },
    "ref": null,
    "rendered": Array [
      Object {
        "instance": null,
        "key": undefined,
        "nodeType": "host",
        "props": Object {
          "className": "tab-thumbnail",
        },
        "ref": null,
        "rendered": null,
        "type": "div",
      },
      Object {
        "instance": null,
        "key": undefined,
        "nodeType": "host",
        "props": Object {
          "className": "tab-favicon",
          "src": "path/to/img",
        },
        "ref": null,
        "rendered": null,
        "type": "img",
      },
      Object {
        "instance": null,
        "key": undefined,
        "nodeType": "host",
        "props": Object {
          "className": "tab-close clean",
          "onClick": [Function],
          "title": "Close tab",
        },
        "ref": null,
        "rendered": null,
        "type": "button",
      },
      Object {
        "instance": null,
        "key": undefined,
        "nodeType": "host",
        "props": Object {
          "children": "Title",
          "className": "tab-title",
        },
        "ref": null,
        "rendered": "Title",
        "type": "span",
      },
    ],
    "type": "a",
  },
  Symbol(enzyme.__nodes__): Array [
    Object {
      "instance": null,
      "key": undefined,
      "nodeType": "host",
      "props": Object {
        "children": Array [
          <div
            className="tab-thumbnail"
          />,
          <img
            className="tab-favicon"
            src="path/to/img"
          />,
          <button
            className="tab-close clean"
            onClick={[Function]}
            title="Close tab"
          />,
          <span
            className="tab-title"
          >
            Title
          </span>,
        ],
        "className": "tab",
        "href": "url",
        "onClick": [Function],
        "title": "Title",
      },
      "ref": null,
      "rendered": Array [
        Object {
          "instance": null,
          "key": undefined,
          "nodeType": "host",
          "props": Object {
            "className": "tab-thumbnail",
          },
          "ref": null,
          "rendered": null,
          "type": "div",
        },
        Object {
          "instance": null,
          "key": undefined,
          "nodeType": "host",
          "props": Object {
            "className": "tab-favicon",
            "src": "path/to/img",
          },
          "ref": null,
          "rendered": null,
          "type": "img",
        },
        Object {
          "instance": null,
          "key": undefined,
          "nodeType": "host",
          "props": Object {
            "className": "tab-close clean",
            "onClick": [Function],
            "title": "Close tab",
          },
          "ref": null,
          "rendered": null,
          "type": "button",
        },
        Object {
          "instance": null,
          "key": undefined,
          "nodeType": "host",
          "props": Object {
            "children": "Title",
            "className": "tab-title",
          },
          "ref": null,
          "rendered": "Title",
          "type": "span",
        },
      ],
      "type": "a",
    },
  ],
  Symbol(enzyme.__options__): Object {
    "adapter": ReactSixteenAdapter {
      "options": Object {
        "enableComponentDidUpdateOnSetState": true,
      },
    },
  },
}
`;
